mode: atomic
github.com/p0vidl0/mylslurper/internal/config/config.go:70.24,84.2 1 9
github.com/p0vidl0/mylslurper/internal/config/config.go:88.41,91.16 2 5
github.com/p0vidl0/mylslurper/internal/config/config.go:91.16,93.17 2 5
github.com/p0vidl0/mylslurper/internal/config/config.go:93.17,94.27 1 2
github.com/p0vidl0/mylslurper/internal/config/config.go:94.27,96.5 1 0
github.com/p0vidl0/mylslurper/internal/config/config.go:97.9,98.52 1 3
github.com/p0vidl0/mylslurper/internal/config/config.go:98.52,100.5 1 0
github.com/p0vidl0/mylslurper/internal/config/config.go:101.4,101.36 1 3
github.com/p0vidl0/mylslurper/internal/config/config.go:105.2,105.74 1 5
github.com/p0vidl0/mylslurper/internal/config/config.go:105.74,107.3 1 1
github.com/p0vidl0/mylslurper/internal/config/config.go:109.2,112.39 3 5
github.com/p0vidl0/mylslurper/internal/config/config.go:112.39,114.3 1 0
github.com/p0vidl0/mylslurper/internal/config/config.go:116.2,116.17 1 5
github.com/p0vidl0/mylslurper/internal/config/config.go:119.54,121.54 2 3
github.com/p0vidl0/mylslurper/internal/config/config.go:121.54,123.3 1 0
github.com/p0vidl0/mylslurper/internal/config/config.go:124.2,124.29 1 3
github.com/p0vidl0/mylslurper/internal/config/config.go:124.29,126.3 1 1
github.com/p0vidl0/mylslurper/internal/config/config.go:127.2,127.24 1 3
github.com/p0vidl0/mylslurper/internal/config/config.go:127.24,129.3 1 1
github.com/p0vidl0/mylslurper/internal/config/config.go:130.2,130.54 1 3
github.com/p0vidl0/mylslurper/internal/config/config.go:130.54,132.3 1 0
github.com/p0vidl0/mylslurper/internal/config/config.go:133.2,133.33 1 3
github.com/p0vidl0/mylslurper/internal/config/config.go:133.33,135.3 1 1
github.com/p0vidl0/mylslurper/internal/config/config.go:136.2,136.28 1 3
github.com/p0vidl0/mylslurper/internal/config/config.go:136.28,138.3 1 1
github.com/p0vidl0/mylslurper/internal/config/config.go:139.2,139.63 1 3
github.com/p0vidl0/mylslurper/internal/config/config.go:139.63,141.3 1 1
github.com/p0vidl0/mylslurper/internal/config/config.go:144.41,145.46 1 5
github.com/p0vidl0/mylslurper/internal/config/config.go:145.46,147.3 1 0
github.com/p0vidl0/mylslurper/internal/config/config.go:148.2,148.43 1 5
github.com/p0vidl0/mylslurper/internal/config/config.go:148.43,149.44 1 0
github.com/p0vidl0/mylslurper/internal/config/config.go:149.44,151.4 1 0
github.com/p0vidl0/mylslurper/internal/config/config.go:158.37,162.36 3 5
github.com/p0vidl0/mylslurper/internal/config/config.go:162.36,165.10 3 90
github.com/p0vidl0/mylslurper/internal/config/config.go:165.10,166.12 1 10
github.com/p0vidl0/mylslurper/internal/config/config.go:169.3,170.15 2 80
github.com/p0vidl0/mylslurper/internal/config/config.go:170.15,171.12 1 79
github.com/p0vidl0/mylslurper/internal/config/config.go:174.3,175.20 2 1
github.com/p0vidl0/mylslurper/internal/config/config.go:176.23,177.21 1 0
github.com/p0vidl0/mylslurper/internal/config/config.go:178.20,179.47 1 1
github.com/p0vidl0/mylslurper/internal/config/config.go:179.47,181.5 1 1
github.com/p0vidl0/mylslurper/internal/config/config.go:182.21,183.52 1 0
github.com/p0vidl0/mylslurper/internal/config/config.go:183.52,185.5 1 0
github.com/p0vidl0/mylslurper/internal/config/config.go:191.35,192.21 1 7
github.com/p0vidl0/mylslurper/internal/config/config.go:192.21,194.3 1 0
github.com/p0vidl0/mylslurper/internal/config/config.go:195.2,195.24 1 7
github.com/p0vidl0/mylslurper/internal/config/config.go:195.24,197.3 1 0
github.com/p0vidl0/mylslurper/internal/config/config.go:198.2,198.21 1 7
github.com/p0vidl0/mylslurper/internal/config/config.go:198.21,200.3 1 0
github.com/p0vidl0/mylslurper/internal/config/config.go:201.2,201.20 1 7
github.com/p0vidl0/mylslurper/internal/config/config.go:201.20,203.3 1 0
github.com/p0vidl0/mylslurper/internal/config/config.go:204.2,204.27 1 7
github.com/p0vidl0/mylslurper/internal/config/config.go:204.27,206.3 1 0
github.com/p0vidl0/mylslurper/internal/config/config.go:208.2,208.32 1 7
github.com/p0vidl0/mylslurper/internal/config/config.go:209.43,209.43 0 6
github.com/p0vidl0/mylslurper/internal/config/config.go:210.10,211.94 1 1
github.com/p0vidl0/mylslurper/internal/config/config.go:214.2,214.47 1 6
github.com/p0vidl0/mylslurper/internal/config/config.go:214.47,215.25 1 1
github.com/p0vidl0/mylslurper/internal/config/config.go:215.25,217.4 1 0
github.com/p0vidl0/mylslurper/internal/config/config.go:218.3,218.30 1 1
github.com/p0vidl0/mylslurper/internal/config/config.go:218.30,220.4 1 1
github.com/p0vidl0/mylslurper/internal/config/config.go:223.2,223.45 1 5
github.com/p0vidl0/mylslurper/internal/config/config.go:223.45,225.3 1 0
github.com/p0vidl0/mylslurper/internal/config/config.go:227.2,227.12 1 5
github.com/p0vidl0/mylslurper/internal/config/config.go:231.39,233.2 1 0
github.com/p0vidl0/mylslurper/internal/config/config.go:236.45,238.2 1 0
github.com/p0vidl0/mylslurper/internal/config/config.go:241.48,243.2 1 0
github.com/p0vidl0/mylslurper/internal/config/config.go:246.45,248.2 1 0
github.com/p0vidl0/mylslurper/internal/config/config.go:251.37,253.2 1 0
github.com/p0vidl0/mylslurper/internal/events/hub.go:46.20,50.2 1 5
github.com/p0vidl0/mylslurper/internal/events/hub.go:54.50,61.24 5 6
github.com/p0vidl0/mylslurper/internal/events/hub.go:61.24,63.37 2 6
github.com/p0vidl0/mylslurper/internal/events/hub.go:63.37,66.4 2 4
github.com/p0vidl0/mylslurper/internal/events/hub.go:67.3,67.16 1 6
github.com/p0vidl0/mylslurper/internal/events/hub.go:70.2,70.24 1 6
github.com/p0vidl0/mylslurper/internal/events/hub.go:75.36,80.32 4 69
github.com/p0vidl0/mylslurper/internal/events/hub.go:80.32,81.10 1 37
github.com/p0vidl0/mylslurper/internal/events/hub.go:82.20,82.20 0 35
github.com/p0vidl0/mylslurper/internal/events/hub.go:83.11,84.33 1 2
github.com/p0vidl0/mylslurper/internal/events/hub.go:87.2,87.29 1 69
github.com/p0vidl0/mylslurper/internal/events/hub.go:87.29,90.3 2 2
github.com/p0vidl0/mylslurper/internal/events/hub.go:94.42,102.2 2 1
github.com/p0vidl0/mylslurper/internal/events/hub.go:105.43,108.2 2 68
github.com/p0vidl0/mylslurper/cmd/createcredentials/main.go:13.13,18.16 4 0
github.com/p0vidl0/mylslurper/cmd/createcredentials/main.go:18.16,21.3 2 0
github.com/p0vidl0/mylslurper/cmd/createcredentials/main.go:23.2,25.16 3 0
github.com/p0vidl0/mylslurper/cmd/createcredentials/main.go:25.16,28.3 2 0
github.com/p0vidl0/mylslurper/cmd/createcredentials/main.go:30.2,31.16 2 0
github.com/p0vidl0/mylslurper/cmd/createcredentials/main.go:31.16,34.3 2 0
github.com/p0vidl0/mylslurper/cmd/createcredentials/main.go:36.2,36.86 1 0
github.com/p0vidl0/mylslurper/cmd/createcredentials/main.go:39.28,40.65 1 0
github.com/p0vidl0/mylslurper/cmd/createcredentials/main.go:40.65,42.3 1 0
github.com/p0vidl0/mylslurper/cmd/createcredentials/main.go:43.2,43.10 1 0
github.com/p0vidl0/mylslurper/cmd/mylslurper/main.go:28.13,37.16 7 0
github.com/p0vidl0/mylslurper/cmd/mylslurper/main.go:37.16,39.3 1 0
github.com/p0vidl0/mylslurper/cmd/mylslurper/main.go:41.2,45.43 4 0
github.com/p0vidl0/mylslurper/cmd/mylslurper/main.go:45.43,47.3 1 0
github.com/p0vidl0/mylslurper/cmd/mylslurper/main.go:48.2,55.16 6 0
github.com/p0vidl0/mylslurper/cmd/mylslurper/main.go:55.16,57.3 1 0
github.com/p0vidl0/mylslurper/cmd/mylslurper/main.go:59.2,83.40 4 0
github.com/p0vidl0/mylslurper/cmd/mylslurper/main.go:83.40,84.73 1 0
github.com/p0vidl0/mylslurper/cmd/mylslurper/main.go:84.73,86.5 1 0
github.com/p0vidl0/mylslurper/cmd/mylslurper/main.go:87.4,88.14 2 0
github.com/p0vidl0/mylslurper/cmd/mylslurper/main.go:91.2,91.23 1 0
github.com/p0vidl0/mylslurper/cmd/mylslurper/main.go:91.23,93.17 2 0
github.com/p0vidl0/mylslurper/cmd/mylslurper/main.go:93.17,95.4 1 0
github.com/p0vidl0/mylslurper/cmd/mylslurper/main.go:96.3,96.78 1 0
github.com/p0vidl0/mylslurper/cmd/mylslurper/main.go:99.2,99.12 1 0
github.com/p0vidl0/mylslurper/cmd/mylslurper/main.go:99.12,100.49 1 0
github.com/p0vidl0/mylslurper/cmd/mylslurper/main.go:100.49,102.4 1 0
github.com/p0vidl0/mylslurper/cmd/mylslurper/main.go:105.2,105.12 1 0
github.com/p0vidl0/mylslurper/cmd/mylslurper/main.go:105.12,107.83 2 0
github.com/p0vidl0/mylslurper/cmd/mylslurper/main.go:107.83,109.4 1 0
github.com/p0vidl0/mylslurper/cmd/mylslurper/main.go:112.2,112.12 1 0
github.com/p0vidl0/mylslurper/cmd/mylslurper/main.go:112.12,114.87 2 0
github.com/p0vidl0/mylslurper/cmd/mylslurper/main.go:114.87,116.4 1 0
github.com/p0vidl0/mylslurper/cmd/mylslurper/main.go:119.2,119.26 1 0
github.com/p0vidl0/mylslurper/cmd/mylslurper/main.go:119.26,120.13 1 0
github.com/p0vidl0/mylslurper/cmd/mylslurper/main.go:120.13,123.4 2 0
github.com/p0vidl0/mylslurper/cmd/mylslurper/main.go:126.2,137.56 9 0
github.com/p0vidl0/mylslurper/cmd/mylslurper/main.go:137.56,139.3 1 0
github.com/p0vidl0/mylslurper/cmd/mylslurper/main.go:140.2,140.60 1 0
github.com/p0vidl0/mylslurper/cmd/mylslurper/main.go:140.60,142.3 1 0
github.com/p0vidl0/mylslurper/internal/idgen/id.go:10.19,12.43 2 0
github.com/p0vidl0/mylslurper/internal/idgen/id.go:12.43,13.13 1 0
github.com/p0vidl0/mylslurper/internal/idgen/id.go:16.2,19.81 3 0
github.com/p0vidl0/mylslurper/internal/logging/logger.go:12.47,15.22 2 0
github.com/p0vidl0/mylslurper/internal/logging/logger.go:15.22,17.3 1 0
github.com/p0vidl0/mylslurper/internal/logging/logger.go:17.8,19.3 1 0
github.com/p0vidl0/mylslurper/internal/logging/logger.go:21.2,22.16 2 0
github.com/p0vidl0/mylslurper/internal/logging/logger.go:22.16,24.3 1 0
github.com/p0vidl0/mylslurper/internal/logging/logger.go:25.2,27.12 2 0
github.com/p0vidl0/mylslurper/web/embed.go:15.30,17.2 1 0
github.com/p0vidl0/mylslurper/internal/auth/cache.go:15.48,17.2 1 10
github.com/p0vidl0/mylslurper/internal/auth/cache.go:19.73,21.2 1 1
github.com/p0vidl0/mylslurper/internal/auth/cache.go:23.62,26.2 2 7
github.com/p0vidl0/mylslurper/internal/auth/jwt.go:31.66,33.2 1 10
github.com/p0vidl0/mylslurper/internal/auth/jwt.go:36.61,47.2 4 6
github.com/p0vidl0/mylslurper/internal/auth/jwt.go:52.64,53.40 1 7
github.com/p0vidl0/mylslurper/internal/auth/jwt.go:53.40,55.3 1 1
github.com/p0vidl0/mylslurper/internal/auth/jwt.go:57.2,58.85 2 6
github.com/p0vidl0/mylslurper/internal/auth/jwt.go:58.85,60.3 1 5
github.com/p0vidl0/mylslurper/internal/auth/jwt.go:61.2,61.16 1 6
github.com/p0vidl0/mylslurper/internal/auth/jwt.go:61.16,63.3 1 4
github.com/p0vidl0/mylslurper/internal/auth/jwt.go:65.2,65.29 1 2
github.com/p0vidl0/mylslurper/internal/auth/jwt.go:69.49,71.2 1 1
github.com/p0vidl0/mylslurper/internal/auth/middleware.go:15.76,17.2 1 3
github.com/p0vidl0/mylslurper/internal/auth/middleware.go:21.58,24.2 2 4
github.com/p0vidl0/mylslurper/internal/auth/middleware.go:30.98,31.46 1 5
github.com/p0vidl0/mylslurper/internal/auth/middleware.go:31.46,32.72 1 5
github.com/p0vidl0/mylslurper/internal/auth/middleware.go:32.72,34.11 2 5
github.com/p0vidl0/mylslurper/internal/auth/middleware.go:34.11,37.5 2 3
github.com/p0vidl0/mylslurper/internal/auth/middleware.go:38.4,38.76 1 2
github.com/p0vidl0/mylslurper/internal/auth/middleware.go:43.99,44.59 1 5
github.com/p0vidl0/mylslurper/internal/auth/middleware.go:44.59,45.60 1 3
github.com/p0vidl0/mylslurper/internal/auth/middleware.go:45.60,46.56 1 3
github.com/p0vidl0/mylslurper/internal/auth/middleware.go:46.56,48.5 1 1
github.com/p0vidl0/mylslurper/internal/auth/middleware.go:49.4,49.20 1 2
github.com/p0vidl0/mylslurper/internal/auth/middleware.go:53.2,53.53 1 2
github.com/p0vidl0/mylslurper/internal/auth/middleware.go:53.53,54.67 1 1
github.com/p0vidl0/mylslurper/internal/auth/middleware.go:54.67,56.4 1 1
github.com/p0vidl0/mylslurper/internal/auth/middleware.go:59.2,59.18 1 1
github.com/p0vidl0/mylslurper/internal/auth/middleware.go:62.47,66.2 3 3
github.com/p0vidl0/mylslurper/internal/auth/password.go:10.52,12.2 1 2
github.com/p0vidl0/mylslurper/internal/auth/password.go:15.48,17.2 1 4
github.com/p0vidl0/mylslurper/internal/auth/provider.go:11.87,13.9 2 3
github.com/p0vidl0/mylslurper/internal/auth/provider.go:13.9,15.3 1 1
github.com/p0vidl0/mylslurper/internal/auth/provider.go:16.2,16.52 1 2
github.com/p0vidl0/mylslurper/internal/auth/provider.go:16.52,18.3 1 1
github.com/p0vidl0/mylslurper/internal/auth/provider.go:19.2,19.12 1 1
github.com/p0vidl0/mylslurper/internal/auth/session.go:30.74,32.2 1 8
github.com/p0vidl0/mylslurper/internal/auth/session.go:35.57,39.2 3 4
github.com/p0vidl0/mylslurper/internal/auth/session.go:43.63,45.21 2 4
github.com/p0vidl0/mylslurper/internal/auth/session.go:45.21,47.3 1 0
github.com/p0vidl0/mylslurper/internal/auth/session.go:49.2,50.16 2 4
github.com/p0vidl0/mylslurper/internal/auth/session.go:50.16,52.3 1 0
github.com/p0vidl0/mylslurper/internal/auth/session.go:53.2,54.16 2 4
github.com/p0vidl0/mylslurper/internal/auth/session.go:54.16,56.3 1 0
github.com/p0vidl0/mylslurper/internal/auth/session.go:58.2,58.52 1 4
github.com/p0vidl0/mylslurper/internal/auth/session.go:58.52,60.3 1 1
github.com/p0vidl0/mylslurper/internal/auth/session.go:62.2,63.22 2 3
github.com/p0vidl0/mylslurper/internal/auth/session.go:63.22,65.3 1 0
github.com/p0vidl0/mylslurper/internal/auth/session.go:66.2,67.16 2 3
github.com/p0vidl0/mylslurper/internal/auth/session.go:67.16,69.3 1 0
github.com/p0vidl0/mylslurper/internal/auth/session.go:70.2,70.32 1 3
github.com/p0vidl0/mylslurper/internal/auth/session.go:70.32,72.3 1 1
github.com/p0vidl0/mylslurper/internal/auth/session.go:74.2,74.23 1 2
github.com/p0vidl0/mylslurper/internal/auth/session.go:77.54,81.2 3 8
github.com/p0vidl0/mylslurper/internal/api/attachment_handlers.go:10.75,12.16 2 2
github.com/p0vidl0/mylslurper/internal/api/attachment_handlers.go:12.16,13.33 1 1
github.com/p0vidl0/mylslurper/internal/api/attachment_handlers.go:13.33,16.4 2 1
github.com/p0vidl0/mylslurper/internal/api/attachment_handlers.go:17.3,19.9 3 0
github.com/p0vidl0/mylslurper/internal/api/attachment_handlers.go:22.2,23.23 2 1
github.com/p0vidl0/mylslurper/internal/api/attachment_handlers.go:23.23,25.3 1 0
github.com/p0vidl0/mylslurper/internal/api/attachment_handlers.go:26.2,28.29 3 1
github.com/p0vidl0/mylslurper/internal/api/auth_handlers.go:11.67,13.61 2 6
github.com/p0vidl0/mylslurper/internal/api/auth_handlers.go:13.61,16.3 2 0
github.com/p0vidl0/mylslurper/internal/api/auth_handlers.go:18.2,18.31 1 6
github.com/p0vidl0/mylslurper/internal/api/auth_handlers.go:18.31,21.3 2 1
github.com/p0vidl0/mylslurper/internal/api/auth_handlers.go:23.2,23.96 1 5
github.com/p0vidl0/mylslurper/internal/api/auth_handlers.go:23.96,26.3 2 1
github.com/p0vidl0/mylslurper/internal/api/auth_handlers.go:28.2,29.16 2 4
github.com/p0vidl0/mylslurper/internal/api/auth_handlers.go:29.16,33.3 3 0
github.com/p0vidl0/mylslurper/internal/api/auth_handlers.go:35.2,45.58 2 4
github.com/p0vidl0/mylslurper/internal/api/auth_handlers.go:48.68,49.59 1 1
github.com/p0vidl0/mylslurper/internal/api/auth_handlers.go:49.59,50.41 1 1
github.com/p0vidl0/mylslurper/internal/api/auth_handlers.go:50.41,52.4 1 1
github.com/p0vidl0/mylslurper/internal/api/auth_handlers.go:55.2,63.58 2 1
github.com/p0vidl0/mylslurper/internal/api/auth_handlers.go:66.46,68.66 2 1
github.com/p0vidl0/mylslurper/internal/api/auth_handlers.go:68.66,70.3 1 0
github.com/p0vidl0/mylslurper/internal/api/auth_handlers.go:71.2,71.35 1 1
github.com/p0vidl0/mylslurper/internal/api/dto.go:84.37,86.2 1 3
github.com/p0vidl0/mylslurper/internal/api/events_handlers.go:13.68,14.21 1 2
github.com/p0vidl0/mylslurper/internal/api/events_handlers.go:14.21,17.3 2 1
github.com/p0vidl0/mylslurper/internal/api/events_handlers.go:19.2,20.9 2 1
github.com/p0vidl0/mylslurper/internal/api/events_handlers.go:20.9,23.3 2 0
github.com/p0vidl0/mylslurper/internal/api/events_handlers.go:25.2,36.6 9 1
github.com/p0vidl0/mylslurper/internal/api/events_handlers.go:36.6,37.10 1 2
github.com/p0vidl0/mylslurper/internal/api/events_handlers.go:38.29,39.10 1 1
github.com/p0vidl0/mylslurper/internal/api/events_handlers.go:40.22,41.58 1 0
github.com/p0vidl0/mylslurper/internal/api/events_handlers.go:41.58,43.5 1 0
github.com/p0vidl0/mylslurper/internal/api/events_handlers.go:44.4,44.19 1 0
github.com/p0vidl0/mylslurper/internal/api/events_handlers.go:45.29,46.11 1 1
github.com/p0vidl0/mylslurper/internal/api/events_handlers.go:46.11,48.5 1 0
github.com/p0vidl0/mylslurper/internal/api/events_handlers.go:49.4,49.43 1 1
github.com/p0vidl0/mylslurper/internal/api/events_handlers.go:49.43,51.5 1 0
github.com/p0vidl0/mylslurper/internal/api/events_handlers.go:52.4,52.19 1 1
github.com/p0vidl0/mylslurper/internal/api/events_handlers.go:57.62,58.67 1 1
github.com/p0vidl0/mylslurper/internal/api/events_handlers.go:58.67,60.3 1 0
github.com/p0vidl0/mylslurper/internal/api/events_handlers.go:61.2,61.68 1 1
github.com/p0vidl0/mylslurper/internal/api/events_handlers.go:61.68,63.3 1 0
github.com/p0vidl0/mylslurper/internal/api/events_handlers.go:64.2,64.12 1 1
github.com/p0vidl0/mylslurper/internal/api/mail_handlers.go:16.70,26.53 3 4
github.com/p0vidl0/mylslurper/internal/api/mail_handlers.go:26.53,28.3 1 1
github.com/p0vidl0/mylslurper/internal/api/mail_handlers.go:29.2,29.49 1 4
github.com/p0vidl0/mylslurper/internal/api/mail_handlers.go:29.49,31.3 1 1
github.com/p0vidl0/mylslurper/internal/api/mail_handlers.go:33.2,34.14 2 4
github.com/p0vidl0/mylslurper/internal/api/mail_handlers.go:34.14,36.3 1 0
github.com/p0vidl0/mylslurper/internal/api/mail_handlers.go:37.2,38.18 2 4
github.com/p0vidl0/mylslurper/internal/api/mail_handlers.go:38.18,40.3 1 0
github.com/p0vidl0/mylslurper/internal/api/mail_handlers.go:41.2,41.28 1 4
github.com/p0vidl0/mylslurper/internal/api/mail_handlers.go:41.28,43.3 1 0
github.com/p0vidl0/mylslurper/internal/api/mail_handlers.go:45.2,48.16 3 4
github.com/p0vidl0/mylslurper/internal/api/mail_handlers.go:48.16,52.3 3 0
github.com/p0vidl0/mylslurper/internal/api/mail_handlers.go:54.2,55.16 2 4
github.com/p0vidl0/mylslurper/internal/api/mail_handlers.go:55.16,59.3 3 0
github.com/p0vidl0/mylslurper/internal/api/mail_handlers.go:61.2,62.29 2 4
github.com/p0vidl0/mylslurper/internal/api/mail_handlers.go:62.29,73.3 1 2
github.com/p0vidl0/mylslurper/internal/api/mail_handlers.go:75.2,76.15 2 4
github.com/p0vidl0/mylslurper/internal/api/mail_handlers.go:76.15,78.3 1 2
github.com/p0vidl0/mylslurper/internal/api/mail_handlers.go:80.2,86.4 1 4
github.com/p0vidl0/mylslurper/internal/api/mail_handlers.go:89.71,91.16 2 1
github.com/p0vidl0/mylslurper/internal/api/mail_handlers.go:91.16,95.3 3 0
github.com/p0vidl0/mylslurper/internal/api/mail_handlers.go:96.2,96.58 1 1
github.com/p0vidl0/mylslurper/internal/api/mail_handlers.go:99.69,101.16 2 2
github.com/p0vidl0/mylslurper/internal/api/mail_handlers.go:101.16,104.3 2 1
github.com/p0vidl0/mylslurper/internal/api/mail_handlers.go:106.2,107.39 2 1
github.com/p0vidl0/mylslurper/internal/api/mail_handlers.go:107.39,114.3 1 1
github.com/p0vidl0/mylslurper/internal/api/mail_handlers.go:116.2,127.4 1 1
github.com/p0vidl0/mylslurper/internal/api/mail_handlers.go:130.76,132.16 2 1
github.com/p0vidl0/mylslurper/internal/api/mail_handlers.go:132.16,135.3 2 0
github.com/p0vidl0/mylslurper/internal/api/mail_handlers.go:137.2,137.25 1 1
github.com/p0vidl0/mylslurper/internal/api/mail_handlers.go:137.25,141.3 3 1
github.com/p0vidl0/mylslurper/internal/api/mail_handlers.go:143.2,144.39 2 0
github.com/p0vidl0/mylslurper/internal/api/mail_handlers.go:147.72,149.16 2 1
github.com/p0vidl0/mylslurper/internal/api/mail_handlers.go:149.16,152.3 2 0
github.com/p0vidl0/mylslurper/internal/api/mail_handlers.go:153.2,154.29 2 1
github.com/p0vidl0/mylslurper/internal/api/mail_handlers.go:157.66,158.32 1 1
github.com/p0vidl0/mylslurper/internal/api/mail_handlers.go:158.32,161.3 2 1
github.com/p0vidl0/mylslurper/internal/api/mail_handlers.go:162.2,163.79 2 0
github.com/p0vidl0/mylslurper/internal/api/mail_handlers.go:166.51,167.15 1 8
github.com/p0vidl0/mylslurper/internal/api/mail_handlers.go:167.15,169.3 1 6
github.com/p0vidl0/mylslurper/internal/api/mail_handlers.go:170.2,170.62 1 2
github.com/p0vidl0/mylslurper/internal/api/mail_handlers.go:170.62,171.52 1 4
github.com/p0vidl0/mylslurper/internal/api/mail_handlers.go:171.52,173.4 1 2
github.com/p0vidl0/mylslurper/internal/api/mail_handlers.go:175.2,175.27 1 0
github.com/p0vidl0/mylslurper/internal/api/mail_handlers.go:178.45,179.15 1 8
github.com/p0vidl0/mylslurper/internal/api/mail_handlers.go:179.15,181.3 1 6
github.com/p0vidl0/mylslurper/internal/api/mail_handlers.go:182.2,183.16 2 2
github.com/p0vidl0/mylslurper/internal/api/mail_handlers.go:183.16,185.3 1 0
github.com/p0vidl0/mylslurper/internal/api/mail_handlers.go:186.2,186.10 1 2
github.com/p0vidl0/mylslurper/internal/api/meta_handlers.go:9.69,11.2 1 1
github.com/p0vidl0/mylslurper/internal/api/meta_handlers.go:13.70,15.18 2 1
github.com/p0vidl0/mylslurper/internal/api/meta_handlers.go:15.18,17.3 1 0
github.com/p0vidl0/mylslurper/internal/api/meta_handlers.go:18.2,22.4 1 1
github.com/p0vidl0/mylslurper/internal/api/middleware.go:9.58,13.2 3 22
github.com/p0vidl0/mylslurper/internal/api/middleware.go:15.68,17.2 1 6
github.com/p0vidl0/mylslurper/internal/api/middleware.go:20.59,21.71 1 21
github.com/p0vidl0/mylslurper/internal/api/middleware.go:21.71,31.3 4 34
github.com/p0vidl0/mylslurper/internal/api/middleware.go:36.56,38.18 2 21
github.com/p0vidl0/mylslurper/internal/api/middleware.go:38.18,40.3 1 20
github.com/p0vidl0/mylslurper/internal/api/middleware.go:41.2,41.71 1 1
github.com/p0vidl0/mylslurper/internal/api/middleware.go:41.71,46.37 5 1
github.com/p0vidl0/mylslurper/internal/api/middleware.go:46.37,49.4 2 1
github.com/p0vidl0/mylslurper/internal/api/middleware.go:50.3,50.23 1 0
github.com/p0vidl0/mylslurper/internal/api/middleware.go:59.50,62.2 2 29
github.com/p0vidl0/mylslurper/internal/api/middleware.go:64.34,65.50 1 1
github.com/p0vidl0/mylslurper/internal/api/middleware.go:65.50,67.3 1 1
github.com/p0vidl0/mylslurper/internal/api/prune_handlers.go:20.69,22.14 2 3
github.com/p0vidl0/mylslurper/internal/api/prune_handlers.go:23.16,24.45 1 0
github.com/p0vidl0/mylslurper/internal/api/prune_handlers.go:25.16,26.45 1 0
github.com/p0vidl0/mylslurper/internal/api/prune_handlers.go:27.18,28.45 1 0
github.com/p0vidl0/mylslurper/internal/api/prune_handlers.go:29.13,30.33 1 2
github.com/p0vidl0/mylslurper/internal/api/prune_handlers.go:31.10,32.35 1 1
github.com/p0vidl0/mylslurper/internal/api/prune_handlers.go:36.74,38.2 1 1
github.com/p0vidl0/mylslurper/internal/api/prune_handlers.go:40.71,42.61 2 3
github.com/p0vidl0/mylslurper/internal/api/prune_handlers.go:42.61,45.3 2 0
github.com/p0vidl0/mylslurper/internal/api/prune_handlers.go:47.2,48.9 2 3
github.com/p0vidl0/mylslurper/internal/api/prune_handlers.go:48.9,51.3 2 1
github.com/p0vidl0/mylslurper/internal/api/prune_handlers.go:53.2,55.9 3 2
github.com/p0vidl0/mylslurper/internal/api/prune_handlers.go:55.9,57.3 1 2
github.com/p0vidl0/mylslurper/internal/api/prune_handlers.go:57.8,59.3 1 0
github.com/p0vidl0/mylslurper/internal/api/prune_handlers.go:60.2,60.16 1 2
github.com/p0vidl0/mylslurper/internal/api/prune_handlers.go:60.16,64.3 3 0
github.com/p0vidl0/mylslurper/internal/api/prune_handlers.go:66.2,66.21 1 2
github.com/p0vidl0/mylslurper/internal/api/prune_handlers.go:66.21,68.3 1 1
github.com/p0vidl0/mylslurper/internal/api/prune_handlers.go:70.2,70.67 1 2
github.com/p0vidl0/mylslurper/internal/api/router.go:32.37,50.21 15 21
github.com/p0vidl0/mylslurper/internal/api/router.go:50.21,52.3 1 2
github.com/p0vidl0/mylslurper/internal/api/router.go:54.2,54.39 1 21
github.com/p0vidl0/mylslurper/internal/api/router.go:58.56,59.31 1 210
github.com/p0vidl0/mylslurper/internal/api/router.go:59.31,61.3 1 150
github.com/p0vidl0/mylslurper/internal/api/router.go:62.2,62.47 1 60
github.com/p0vidl0/mylslurper/internal/api/router.go:68.44,71.71 2 2
github.com/p0vidl0/mylslurper/internal/api/router.go:71.71,73.34 2 4
github.com/p0vidl0/mylslurper/internal/api/router.go:73.34,75.4 1 1
github.com/p0vidl0/mylslurper/internal/api/router.go:77.3,77.53 1 4
github.com/p0vidl0/mylslurper/internal/api/router.go:77.53,79.18 2 2
github.com/p0vidl0/mylslurper/internal/api/router.go:79.18,82.5 2 1
github.com/p0vidl0/mylslurper/internal/api/router.go:83.4,85.10 3 1
github.com/p0vidl0/mylslurper/internal/api/router.go:88.3,88.29 1 2
github.com/p0vidl0/mylslurper/internal/api/sanitize.go:12.39,13.16 1 2
github.com/p0vidl0/mylslurper/internal/api/sanitize.go:13.16,15.3 1 1
github.com/p0vidl0/mylslurper/internal/api/sanitize.go:16.2,16.37 1 1
github.com/p0vidl0/mylslurper/internal/mail/message.go:37.30,38.22 1 2
github.com/p0vidl0/mylslurper/internal/mail/message.go:38.22,40.3 1 1
github.com/p0vidl0/mylslurper/internal/mail/message.go:41.2,41.19 1 1
github.com/p0vidl0/mylslurper/internal/mail/parser.go:22.81,24.16 2 4
github.com/p0vidl0/mylslurper/internal/mail/parser.go:24.16,26.3 1 0
github.com/p0vidl0/mylslurper/internal/mail/parser.go:28.2,29.43 2 4
github.com/p0vidl0/mylslurper/internal/mail/parser.go:29.43,31.14 2 4
github.com/p0vidl0/mylslurper/internal/mail/parser.go:31.14,33.4 1 0
github.com/p0vidl0/mylslurper/internal/mail/parser.go:34.3,34.54 1 4
github.com/p0vidl0/mylslurper/internal/mail/parser.go:34.54,36.4 1 4
github.com/p0vidl0/mylslurper/internal/mail/parser.go:37.3,37.11 1 0
github.com/p0vidl0/mylslurper/internal/mail/parser.go:40.2,49.21 2 4
github.com/p0vidl0/mylslurper/internal/mail/parser.go:49.21,51.3 1 0
github.com/p0vidl0/mylslurper/internal/mail/parser.go:52.2,52.23 1 4
github.com/p0vidl0/mylslurper/internal/mail/parser.go:52.23,53.43 1 0
github.com/p0vidl0/mylslurper/internal/mail/parser.go:53.43,55.4 1 0
github.com/p0vidl0/mylslurper/internal/mail/parser.go:58.2,58.60 1 4
github.com/p0vidl0/mylslurper/internal/mail/parser.go:58.60,59.55 1 0
github.com/p0vidl0/mylslurper/internal/mail/parser.go:59.55,61.4 1 0
github.com/p0vidl0/mylslurper/internal/mail/parser.go:63.2,63.28 1 4
github.com/p0vidl0/mylslurper/internal/mail/parser.go:63.28,65.3 1 4
github.com/p0vidl0/mylslurper/internal/mail/parser.go:67.2,71.16 4 4
github.com/p0vidl0/mylslurper/internal/mail/parser.go:71.16,76.3 3 1
github.com/p0vidl0/mylslurper/internal/mail/parser.go:77.2,79.48 2 3
github.com/p0vidl0/mylslurper/internal/mail/parser.go:79.48,80.75 1 2
github.com/p0vidl0/mylslurper/internal/mail/parser.go:80.75,82.4 1 0
github.com/p0vidl0/mylslurper/internal/mail/parser.go:83.3,83.19 1 2
github.com/p0vidl0/mylslurper/internal/mail/parser.go:86.2,87.16 2 1
github.com/p0vidl0/mylslurper/internal/mail/parser.go:87.16,89.3 1 0
github.com/p0vidl0/mylslurper/internal/mail/parser.go:90.2,90.30 1 1
github.com/p0vidl0/mylslurper/internal/mail/parser.go:90.30,92.3 1 0
github.com/p0vidl0/mylslurper/internal/mail/parser.go:92.8,94.3 1 1
github.com/p0vidl0/mylslurper/internal/mail/parser.go:96.2,96.18 1 1
github.com/p0vidl0/mylslurper/internal/mail/parser.go:101.68,102.20 1 2
github.com/p0vidl0/mylslurper/internal/mail/parser.go:102.20,104.3 1 0
github.com/p0vidl0/mylslurper/internal/mail/parser.go:106.2,107.6 2 2
github.com/p0vidl0/mylslurper/internal/mail/parser.go:107.6,109.20 2 6
github.com/p0vidl0/mylslurper/internal/mail/parser.go:109.20,111.4 1 2
github.com/p0vidl0/mylslurper/internal/mail/parser.go:112.3,112.17 1 4
github.com/p0vidl0/mylslurper/internal/mail/parser.go:112.17,114.4 1 0
github.com/p0vidl0/mylslurper/internal/mail/parser.go:116.3,116.49 1 4
github.com/p0vidl0/mylslurper/internal/mail/parser.go:116.49,118.4 1 0
github.com/p0vidl0/mylslurper/internal/mail/parser.go:122.58,130.23 6 4
github.com/p0vidl0/mylslurper/internal/mail/parser.go:130.23,133.17 3 4
github.com/p0vidl0/mylslurper/internal/mail/parser.go:133.17,135.4 1 0
github.com/p0vidl0/mylslurper/internal/mail/parser.go:138.2,140.48 2 4
github.com/p0vidl0/mylslurper/internal/mail/parser.go:140.48,142.3 1 0
github.com/p0vidl0/mylslurper/internal/mail/parser.go:144.2,145.16 2 4
github.com/p0vidl0/mylslurper/internal/mail/parser.go:145.16,147.3 1 0
github.com/p0vidl0/mylslurper/internal/mail/parser.go:149.2,149.20 1 4
github.com/p0vidl0/mylslurper/internal/mail/parser.go:149.20,159.3 2 1
github.com/p0vidl0/mylslurper/internal/mail/parser.go:161.2,161.19 1 3
github.com/p0vidl0/mylslurper/internal/mail/parser.go:162.19,163.32 1 1
github.com/p0vidl0/mylslurper/internal/mail/parser.go:164.10,165.32 1 2
github.com/p0vidl0/mylslurper/internal/mail/parser.go:168.2,168.12 1 3
github.com/p0vidl0/mylslurper/internal/mail/parser.go:173.98,174.73 1 4
github.com/p0vidl0/mylslurper/internal/mail/parser.go:174.73,175.69 1 1
github.com/p0vidl0/mylslurper/internal/mail/parser.go:175.69,176.62 1 1
github.com/p0vidl0/mylslurper/internal/mail/parser.go:176.62,178.5 1 1
github.com/p0vidl0/mylslurper/internal/mail/parser.go:179.4,179.79 1 0
github.com/p0vidl0/mylslurper/internal/mail/parser.go:179.79,181.5 1 0
github.com/p0vidl0/mylslurper/internal/mail/parser.go:185.2,185.67 1 3
github.com/p0vidl0/mylslurper/internal/mail/parser.go:185.67,187.3 1 0
github.com/p0vidl0/mylslurper/internal/mail/parser.go:189.2,189.11 1 3
github.com/p0vidl0/mylslurper/internal/mail/parser.go:192.40,193.15 1 4
github.com/p0vidl0/mylslurper/internal/mail/parser.go:193.15,195.3 1 3
github.com/p0vidl0/mylslurper/internal/mail/parser.go:196.2,197.55 2 1
github.com/p0vidl0/mylslurper/internal/mail/parser.go:197.55,199.3 1 1
github.com/p0vidl0/mylslurper/internal/mail/parser.go:200.2,200.12 1 0
github.com/p0vidl0/mylslurper/internal/mail/parser.go:204.75,205.66 1 5
github.com/p0vidl0/mylslurper/internal/mail/parser.go:206.16,208.17 2 1
github.com/p0vidl0/mylslurper/internal/mail/parser.go:208.17,210.4 1 0
github.com/p0vidl0/mylslurper/internal/mail/parser.go:211.3,211.81 1 1
github.com/p0vidl0/mylslurper/internal/mail/parser.go:211.81,212.30 1 16
github.com/p0vidl0/mylslurper/internal/mail/parser.go:212.30,214.5 1 0
github.com/p0vidl0/mylslurper/internal/mail/parser.go:215.4,215.12 1 16
github.com/p0vidl0/mylslurper/internal/mail/parser.go:217.3,217.17 1 1
github.com/p0vidl0/mylslurper/internal/mail/parser.go:217.17,219.4 1 0
github.com/p0vidl0/mylslurper/internal/mail/parser.go:220.3,220.22 1 1
github.com/p0vidl0/mylslurper/internal/mail/parser.go:221.26,223.72 2 0
github.com/p0vidl0/mylslurper/internal/mail/parser.go:223.72,225.4 1 0
github.com/p0vidl0/mylslurper/internal/mail/parser.go:226.3,226.26 1 0
github.com/p0vidl0/mylslurper/internal/mail/parser.go:227.10,228.23 1 4
github.com/p0vidl0/mylslurper/internal/serviceapi/handlers.go:49.40,55.2 5 5
github.com/p0vidl0/mylslurper/internal/serviceapi/handlers.go:57.74,59.16 2 1
github.com/p0vidl0/mylslurper/internal/serviceapi/handlers.go:59.16,63.3 3 0
github.com/p0vidl0/mylslurper/internal/serviceapi/handlers.go:64.2,64.51 1 1
github.com/p0vidl0/mylslurper/internal/serviceapi/handlers.go:67.79,71.43 3 4
github.com/p0vidl0/mylslurper/internal/serviceapi/handlers.go:71.43,73.26 2 3
github.com/p0vidl0/mylslurper/internal/serviceapi/handlers.go:73.26,76.4 2 1
github.com/p0vidl0/mylslurper/internal/serviceapi/handlers.go:77.3,77.11 1 2
github.com/p0vidl0/mylslurper/internal/serviceapi/handlers.go:80.2,87.59 2 3
github.com/p0vidl0/mylslurper/internal/serviceapi/handlers.go:87.59,89.3 1 1
github.com/p0vidl0/mylslurper/internal/serviceapi/handlers.go:90.2,90.55 1 3
github.com/p0vidl0/mylslurper/internal/serviceapi/handlers.go:90.55,92.3 1 1
github.com/p0vidl0/mylslurper/internal/serviceapi/handlers.go:93.2,93.28 1 3
github.com/p0vidl0/mylslurper/internal/serviceapi/handlers.go:93.28,95.3 1 3
github.com/p0vidl0/mylslurper/internal/serviceapi/handlers.go:96.2,96.26 1 3
github.com/p0vidl0/mylslurper/internal/serviceapi/handlers.go:96.26,98.3 1 3
github.com/p0vidl0/mylslurper/internal/serviceapi/handlers.go:100.2,104.16 4 3
github.com/p0vidl0/mylslurper/internal/serviceapi/handlers.go:104.16,108.3 3 0
github.com/p0vidl0/mylslurper/internal/serviceapi/handlers.go:110.2,111.16 2 3
github.com/p0vidl0/mylslurper/internal/serviceapi/handlers.go:111.16,115.3 3 0
github.com/p0vidl0/mylslurper/internal/serviceapi/handlers.go:117.2,118.29 2 3
github.com/p0vidl0/mylslurper/internal/serviceapi/handlers.go:118.29,120.3 1 52
github.com/p0vidl0/mylslurper/internal/serviceapi/handlers.go:122.2,123.15 2 3
github.com/p0vidl0/mylslurper/internal/serviceapi/handlers.go:123.15,125.3 1 3
github.com/p0vidl0/mylslurper/internal/serviceapi/handlers.go:127.2,131.4 1 3
github.com/p0vidl0/mylslurper/internal/serviceapi/handlers.go:134.72,136.16 2 2
github.com/p0vidl0/mylslurper/internal/serviceapi/handlers.go:136.16,137.33 1 1
github.com/p0vidl0/mylslurper/internal/serviceapi/handlers.go:137.33,140.4 2 1
github.com/p0vidl0/mylslurper/internal/serviceapi/handlers.go:141.3,143.9 3 0
github.com/p0vidl0/mylslurper/internal/serviceapi/handlers.go:145.2,145.40 1 1
github.com/p0vidl0/mylslurper/internal/serviceapi/handlers.go:148.59,159.2 1 53
github.com/p0vidl0/mylslurper/internal/serviceapi/handlers.go:161.43,163.2 1 53
github.com/p0vidl0/mylslurper/internal/serviceapi/handlers.go:165.57,166.15 1 6
github.com/p0vidl0/mylslurper/internal/serviceapi/handlers.go:166.15,168.3 1 4
github.com/p0vidl0/mylslurper/internal/serviceapi/handlers.go:169.2,169.80 1 2
github.com/p0vidl0/mylslurper/internal/serviceapi/handlers.go:169.80,170.52 1 2
github.com/p0vidl0/mylslurper/internal/serviceapi/handlers.go:170.52,172.4 1 2
github.com/p0vidl0/mylslurper/internal/serviceapi/handlers.go:174.2,174.27 1 0
github.com/p0vidl0/mylslurper/internal/serviceapi/handlers.go:177.46,182.2 4 5
github.com/p0vidl0/mylslurper/internal/storage/schema.go:14.58,17.17 1 13
github.com/p0vidl0/mylslurper/internal/storage/schema.go:17.17,19.3 1 0
github.com/p0vidl0/mylslurper/internal/storage/schema.go:21.2,22.16 2 13
github.com/p0vidl0/mylslurper/internal/storage/schema.go:22.16,24.3 1 0
github.com/p0vidl0/mylslurper/internal/storage/schema.go:26.2,26.36 1 13
github.com/p0vidl0/mylslurper/internal/storage/schema.go:26.36,27.46 1 12
github.com/p0vidl0/mylslurper/internal/storage/schema.go:27.46,29.4 1 0
github.com/p0vidl0/mylslurper/internal/storage/schema.go:30.3,30.73 1 12
github.com/p0vidl0/mylslurper/internal/storage/schema.go:30.73,32.4 1 0
github.com/p0vidl0/mylslurper/internal/storage/schema.go:35.2,35.12 1 13
github.com/p0vidl0/mylslurper/internal/storage/schema.go:38.57,66.34 2 12
github.com/p0vidl0/mylslurper/internal/storage/schema.go:66.34,67.54 1 72
github.com/p0vidl0/mylslurper/internal/storage/schema.go:67.54,69.4 1 0
github.com/p0vidl0/mylslurper/internal/storage/schema.go:71.2,71.12 1 12
github.com/p0vidl0/mylslurper/internal/storage/schema.go:74.70,77.16 3 13
github.com/p0vidl0/mylslurper/internal/storage/schema.go:77.16,79.3 1 0
github.com/p0vidl0/mylslurper/internal/storage/schema.go:80.2,80.21 1 13
github.com/p0vidl0/mylslurper/internal/storage/schema.go:83.75,84.77 1 12
github.com/p0vidl0/mylslurper/internal/storage/schema.go:84.77,86.3 1 0
github.com/p0vidl0/mylslurper/internal/storage/schema.go:87.2,87.107 1 12
github.com/p0vidl0/mylslurper/internal/storage/schema.go:87.107,89.3 1 0
github.com/p0vidl0/mylslurper/internal/storage/schema.go:90.2,90.12 1 12
github.com/p0vidl0/mylslurper/internal/storage/search.go:17.44,18.14 1 10
github.com/p0vidl0/mylslurper/internal/storage/search.go:18.14,20.3 1 3
github.com/p0vidl0/mylslurper/internal/storage/search.go:22.2,25.19 3 7
github.com/p0vidl0/mylslurper/internal/storage/search.go:25.19,29.3 3 1
github.com/p0vidl0/mylslurper/internal/storage/search.go:30.2,30.18 1 7
github.com/p0vidl0/mylslurper/internal/storage/search.go:30.18,33.3 2 1
github.com/p0vidl0/mylslurper/internal/storage/search.go:34.2,34.16 1 7
github.com/p0vidl0/mylslurper/internal/storage/search.go:34.16,37.3 2 1
github.com/p0vidl0/mylslurper/internal/storage/search.go:38.2,38.23 1 7
github.com/p0vidl0/mylslurper/internal/storage/search.go:38.23,41.3 2 1
github.com/p0vidl0/mylslurper/internal/storage/search.go:42.2,42.21 1 7
github.com/p0vidl0/mylslurper/internal/storage/search.go:42.21,45.3 2 1
github.com/p0vidl0/mylslurper/internal/storage/search.go:47.2,47.23 1 7
github.com/p0vidl0/mylslurper/internal/storage/search.go:47.23,49.3 1 3
github.com/p0vidl0/mylslurper/internal/storage/search.go:50.2,50.56 1 4
github.com/p0vidl0/mylslurper/internal/storage/search.go:55.37,57.14 2 8
github.com/p0vidl0/mylslurper/internal/storage/search.go:57.14,58.44 1 7
github.com/p0vidl0/mylslurper/internal/storage/search.go:58.44,60.4 1 2
github.com/p0vidl0/mylslurper/internal/storage/search.go:63.2,64.53 2 8
github.com/p0vidl0/mylslurper/internal/storage/search.go:64.53,66.3 1 3
github.com/p0vidl0/mylslurper/internal/storage/search.go:68.2,68.51 1 8
github.com/p0vidl0/mylslurper/internal/storage/sqlite.go:26.51,28.2 1 13
github.com/p0vidl0/mylslurper/internal/storage/sqlite.go:30.60,32.16 2 13
github.com/p0vidl0/mylslurper/internal/storage/sqlite.go:32.16,34.3 1 0
github.com/p0vidl0/mylslurper/internal/storage/sqlite.go:38.2,40.75 2 13
github.com/p0vidl0/mylslurper/internal/storage/sqlite.go:40.75,42.3 1 0
github.com/p0vidl0/mylslurper/internal/storage/sqlite.go:43.2,43.76 1 13
github.com/p0vidl0/mylslurper/internal/storage/sqlite.go:43.76,45.3 1 0
github.com/p0vidl0/mylslurper/internal/storage/sqlite.go:47.2,47.46 1 13
github.com/p0vidl0/mylslurper/internal/storage/sqlite.go:47.46,50.3 2 0
github.com/p0vidl0/mylslurper/internal/storage/sqlite.go:52.2,53.12 2 13
github.com/p0vidl0/mylslurper/internal/storage/sqlite.go:56.39,58.2 1 13
github.com/p0vidl0/mylslurper/internal/storage/sqlite.go:60.89,62.16 2 19
github.com/p0vidl0/mylslurper/internal/storage/sqlite.go:62.16,64.3 1 0
github.com/p0vidl0/mylslurper/internal/storage/sqlite.go:65.2,74.16 3 19
github.com/p0vidl0/mylslurper/internal/storage/sqlite.go:74.16,76.3 1 0
github.com/p0vidl0/mylslurper/internal/storage/sqlite.go:78.2,78.39 1 19
github.com/p0vidl0/mylslurper/internal/storage/sqlite.go:78.39,83.17 2 2
github.com/p0vidl0/mylslurper/internal/storage/sqlite.go:83.17,85.4 1 0
github.com/p0vidl0/mylslurper/internal/storage/sqlite.go:88.2,88.36 1 19
github.com/p0vidl0/mylslurper/internal/storage/sqlite.go:88.36,90.3 1 0
github.com/p0vidl0/mylslurper/internal/storage/sqlite.go:91.2,91.21 1 19
github.com/p0vidl0/mylslurper/internal/storage/sqlite.go:94.89,101.16 3 2
github.com/p0vidl0/mylslurper/internal/storage/sqlite.go:101.16,102.27 1 1
github.com/p0vidl0/mylslurper/internal/storage/sqlite.go:102.27,104.4 1 1
github.com/p0vidl0/mylslurper/internal/storage/sqlite.go:105.3,105.18 1 0
github.com/p0vidl0/mylslurper/internal/storage/sqlite.go:108.2,109.16 2 1
github.com/p0vidl0/mylslurper/internal/storage/sqlite.go:109.16,111.3 1 0
github.com/p0vidl0/mylslurper/internal/storage/sqlite.go:112.2,114.18 2 1
github.com/p0vidl0/mylslurper/internal/storage/sqlite.go:117.88,120.26 3 1
github.com/p0vidl0/mylslurper/internal/storage/sqlite.go:120.26,122.3 1 0
github.com/p0vidl0/mylslurper/internal/storage/sqlite.go:123.2,123.17 1 1
github.com/p0vidl0/mylslurper/internal/storage/sqlite.go:126.121,137.16 6 7
github.com/p0vidl0/mylslurper/internal/storage/sqlite.go:137.16,139.3 1 0
github.com/p0vidl0/mylslurper/internal/storage/sqlite.go:140.2,144.18 4 7
github.com/p0vidl0/mylslurper/internal/storage/sqlite.go:144.18,147.131 3 10
github.com/p0vidl0/mylslurper/internal/storage/sqlite.go:147.131,149.4 1 0
github.com/p0vidl0/mylslurper/internal/storage/sqlite.go:150.3,153.29 4 10
github.com/p0vidl0/mylslurper/internal/storage/sqlite.go:155.2,155.35 1 7
github.com/p0vidl0/mylslurper/internal/storage/sqlite.go:155.35,157.3 1 0
github.com/p0vidl0/mylslurper/internal/storage/sqlite.go:159.2,160.16 2 7
github.com/p0vidl0/mylslurper/internal/storage/sqlite.go:160.16,162.3 1 0
github.com/p0vidl0/mylslurper/internal/storage/sqlite.go:163.2,163.29 1 7
github.com/p0vidl0/mylslurper/internal/storage/sqlite.go:163.29,165.3 1 10
github.com/p0vidl0/mylslurper/internal/storage/sqlite.go:167.2,167.19 1 7
github.com/p0vidl0/mylslurper/internal/storage/sqlite.go:170.131,181.16 6 1
github.com/p0vidl0/mylslurper/internal/storage/sqlite.go:181.16,183.3 1 0
github.com/p0vidl0/mylslurper/internal/storage/sqlite.go:184.2,187.18 3 1
github.com/p0vidl0/mylslurper/internal/storage/sqlite.go:187.18,190.163 3 1
github.com/p0vidl0/mylslurper/internal/storage/sqlite.go:190.163,192.4 1 0
github.com/p0vidl0/mylslurper/internal/storage/sqlite.go:193.3,195.31 3 1
github.com/p0vidl0/mylslurper/internal/storage/sqlite.go:197.2,197.26 1 1
github.com/p0vidl0/mylslurper/internal/storage/sqlite.go:200.88,205.79 4 2
github.com/p0vidl0/mylslurper/internal/storage/sqlite.go:205.79,207.3 1 0
github.com/p0vidl0/mylslurper/internal/storage/sqlite.go:208.2,208.19 1 2
github.com/p0vidl0/mylslurper/internal/storage/sqlite.go:211.115,217.26 4 3
github.com/p0vidl0/mylslurper/internal/storage/sqlite.go:217.26,219.3 1 2
github.com/p0vidl0/mylslurper/internal/storage/sqlite.go:220.2,220.16 1 1
github.com/p0vidl0/mylslurper/internal/storage/sqlite.go:220.16,222.3 1 0
github.com/p0vidl0/mylslurper/internal/storage/sqlite.go:223.2,224.18 2 1
github.com/p0vidl0/mylslurper/internal/storage/sqlite.go:227.100,229.2 1 1
github.com/p0vidl0/mylslurper/internal/storage/sqlite.go:231.75,233.2 1 1
github.com/p0vidl0/mylslurper/internal/storage/sqlite.go:235.104,237.16 2 2
github.com/p0vidl0/mylslurper/internal/storage/sqlite.go:237.16,239.3 1 0
github.com/p0vidl0/mylslurper/internal/storage/sqlite.go:240.2,244.26 2 2
github.com/p0vidl0/mylslurper/internal/storage/sqlite.go:244.26,246.3 1 0
github.com/p0vidl0/mylslurper/internal/storage/sqlite.go:248.2,249.16 2 2
github.com/p0vidl0/mylslurper/internal/storage/sqlite.go:249.16,251.3 1 0
github.com/p0vidl0/mylslurper/internal/storage/sqlite.go:253.2,253.36 1 2
github.com/p0vidl0/mylslurper/internal/storage/sqlite.go:253.36,255.3 1 0
github.com/p0vidl0/mylslurper/internal/storage/sqlite.go:256.2,256.27 1 2
github.com/p0vidl0/mylslurper/internal/storage/sqlite.go:261.113,263.19 2 8
github.com/p0vidl0/mylslurper/internal/storage/sqlite.go:263.19,265.3 1 0
github.com/p0vidl0/mylslurper/internal/storage/sqlite.go:267.2,269.25 3 8
github.com/p0vidl0/mylslurper/internal/storage/sqlite.go:269.25,271.3 1 11
github.com/p0vidl0/mylslurper/internal/storage/sqlite.go:273.2,276.16 2 8
github.com/p0vidl0/mylslurper/internal/storage/sqlite.go:276.16,278.3 1 0
github.com/p0vidl0/mylslurper/internal/storage/sqlite.go:279.2,281.18 2 8
github.com/p0vidl0/mylslurper/internal/storage/sqlite.go:281.18,283.105 2 1
github.com/p0vidl0/mylslurper/internal/storage/sqlite.go:283.105,285.4 1 0
github.com/p0vidl0/mylslurper/internal/storage/sqlite.go:286.3,286.63 1 1
github.com/p0vidl0/mylslurper/internal/storage/sqlite.go:288.2,288.27 1 8
github.com/p0vidl0/mylslurper/internal/storage/sqlite.go:291.49,296.16 4 2
github.com/p0vidl0/mylslurper/internal/storage/sqlite.go:296.16,298.3 1 1
github.com/p0vidl0/mylslurper/internal/storage/sqlite.go:299.2,301.19 3 1
github.com/p0vidl0/mylslurper/internal/storage/sqlite.go:304.45,305.18 1 12
github.com/p0vidl0/mylslurper/internal/storage/sqlite.go:305.18,307.3 1 0
github.com/p0vidl0/mylslurper/internal/storage/sqlite.go:308.2,309.14 2 12
github.com/p0vidl0/mylslurper/internal/smtp/commands.go:14.40,19.21 4 47
github.com/p0vidl0/mylslurper/internal/smtp/commands.go:19.21,21.3 1 34
github.com/p0vidl0/mylslurper/internal/smtp/commands.go:22.2,22.12 1 47
github.com/p0vidl0/mylslurper/internal/smtp/commands.go:27.56,30.39 3 19
github.com/p0vidl0/mylslurper/internal/smtp/commands.go:30.39,32.3 1 1
github.com/p0vidl0/mylslurper/internal/smtp/commands.go:33.2,37.45 4 18
github.com/p0vidl0/mylslurper/internal/smtp/commands.go:37.45,40.23 2 1
github.com/p0vidl0/mylslurper/internal/smtp/commands.go:40.23,42.4 1 0
github.com/p0vidl0/mylslurper/internal/smtp/commands.go:43.3,43.24 1 1
github.com/p0vidl0/mylslurper/internal/smtp/commands.go:46.2,47.16 2 17
github.com/p0vidl0/mylslurper/internal/smtp/commands.go:47.16,49.3 1 0
github.com/p0vidl0/mylslurper/internal/smtp/commands.go:50.2,50.18 1 17
github.com/p0vidl0/mylslurper/internal/smtp/listener.go:30.53,32.16 2 3
github.com/p0vidl0/mylslurper/internal/smtp/listener.go:32.16,34.3 1 0
github.com/p0vidl0/mylslurper/internal/smtp/listener.go:35.2,36.27 2 3
github.com/p0vidl0/mylslurper/internal/smtp/listener.go:36.27,38.3 1 0
github.com/p0vidl0/mylslurper/internal/smtp/listener.go:39.2,41.12 2 3
github.com/p0vidl0/mylslurper/internal/smtp/listener.go:41.12,44.3 2 3
github.com/p0vidl0/mylslurper/internal/smtp/listener.go:46.2,46.6 1 3
github.com/p0vidl0/mylslurper/internal/smtp/listener.go:46.6,48.17 2 10
github.com/p0vidl0/mylslurper/internal/smtp/listener.go:48.17,49.24 1 3
github.com/p0vidl0/mylslurper/internal/smtp/listener.go:49.24,51.5 1 3
github.com/p0vidl0/mylslurper/internal/smtp/listener.go:52.4,52.12 1 0
github.com/p0vidl0/mylslurper/internal/smtp/listener.go:55.3,55.25 1 7
github.com/p0vidl0/mylslurper/internal/smtp/listener.go:55.25,57.4 1 0
github.com/p0vidl0/mylslurper/internal/smtp/listener.go:59.3,59.10 1 7
github.com/p0vidl0/mylslurper/internal/smtp/listener.go:60.28,61.14 1 6
github.com/p0vidl0/mylslurper/internal/smtp/listener.go:61.14,62.18 1 6
github.com/p0vidl0/mylslurper/internal/smtp/listener.go:62.18,62.29 1 6
github.com/p0vidl0/mylslurper/internal/smtp/listener.go:63.5,63.19 1 6
github.com/p0vidl0/mylslurper/internal/smtp/listener.go:65.38,66.20 1 1
github.com/p0vidl0/mylslurper/internal/smtp/listener.go:71.42,80.20 3 6
github.com/p0vidl0/mylslurper/internal/smtp/listener.go:80.20,82.4 1 27
github.com/p0vidl0/mylslurper/internal/smtp/listener.go:84.2,84.9 1 6
github.com/p0vidl0/mylslurper/internal/smtp/session.go:23.28,26.2 2 27
github.com/p0vidl0/mylslurper/internal/smtp/session.go:39.25,41.72 2 17
github.com/p0vidl0/mylslurper/internal/smtp/session.go:41.72,43.3 1 0
github.com/p0vidl0/mylslurper/internal/smtp/session.go:45.2,45.6 1 17
github.com/p0vidl0/mylslurper/internal/smtp/session.go:45.6,48.17 3 59
github.com/p0vidl0/mylslurper/internal/smtp/session.go:48.17,49.21 1 3
github.com/p0vidl0/mylslurper/internal/smtp/session.go:49.21,51.5 1 0
github.com/p0vidl0/mylslurper/internal/smtp/session.go:52.4,52.10 1 3
github.com/p0vidl0/mylslurper/internal/smtp/session.go:55.3,57.19 2 46
github.com/p0vidl0/mylslurper/internal/smtp/session.go:58.15,62.25 4 2
github.com/p0vidl0/mylslurper/internal/smtp/session.go:63.15,67.17 4 10
github.com/p0vidl0/mylslurper/internal/smtp/session.go:68.15,69.26 1 5
github.com/p0vidl0/mylslurper/internal/smtp/session.go:70.15,71.26 1 9
github.com/p0vidl0/mylslurper/internal/smtp/session.go:72.15,73.26 1 7
github.com/p0vidl0/mylslurper/internal/smtp/session.go:74.15,75.18 1 8
github.com/p0vidl0/mylslurper/internal/smtp/session.go:76.15,78.22 2 1
github.com/p0vidl0/mylslurper/internal/smtp/session.go:79.15,80.22 1 0
github.com/p0vidl0/mylslurper/internal/smtp/session.go:81.15,83.10 2 4
github.com/p0vidl0/mylslurper/internal/smtp/session.go:84.11,85.40 1 0
github.com/p0vidl0/mylslurper/internal/smtp/session.go:90.43,91.16 1 9
github.com/p0vidl0/mylslurper/internal/smtp/session.go:91.16,94.3 2 1
github.com/p0vidl0/mylslurper/internal/smtp/session.go:95.2,96.16 2 8
github.com/p0vidl0/mylslurper/internal/smtp/session.go:96.16,99.3 2 0
github.com/p0vidl0/mylslurper/internal/smtp/session.go:100.2,102.20 3 8
github.com/p0vidl0/mylslurper/internal/smtp/session.go:105.43,106.22 1 7
github.com/p0vidl0/mylslurper/internal/smtp/session.go:106.22,109.3 2 0
github.com/p0vidl0/mylslurper/internal/smtp/session.go:110.2,111.16 2 7
github.com/p0vidl0/mylslurper/internal/smtp/session.go:111.16,114.3 2 0
github.com/p0vidl0/mylslurper/internal/smtp/session.go:115.2,116.20 2 7
github.com/p0vidl0/mylslurper/internal/smtp/session.go:119.32,120.44 1 8
github.com/p0vidl0/mylslurper/internal/smtp/session.go:120.44,123.3 2 2
github.com/p0vidl0/mylslurper/internal/smtp/session.go:124.2,124.90 1 6
github.com/p0vidl0/mylslurper/internal/smtp/session.go:124.90,126.3 1 0
github.com/p0vidl0/mylslurper/internal/smtp/session.go:128.2,130.16 3 6
github.com/p0vidl0/mylslurper/internal/smtp/session.go:130.16,134.3 3 0
github.com/p0vidl0/mylslurper/internal/smtp/session.go:136.2,137.16 2 6
github.com/p0vidl0/mylslurper/internal/smtp/session.go:137.16,142.3 4 0
github.com/p0vidl0/mylslurper/internal/smtp/session.go:144.2,144.40 1 6
github.com/p0vidl0/mylslurper/internal/smtp/session.go:144.40,149.3 4 0
github.com/p0vidl0/mylslurper/internal/smtp/session.go:151.2,152.15 2 6
github.com/p0vidl0/mylslurper/internal/smtp/session.go:155.31,158.2 2 10
github.com/p0vidl0/mylslurper/internal/smtp/session.go:160.43,161.16 1 5
github.com/p0vidl0/mylslurper/internal/smtp/session.go:161.16,164.3 2 1
github.com/p0vidl0/mylslurper/internal/smtp/session.go:166.2,167.22 2 4
github.com/p0vidl0/mylslurper/internal/smtp/session.go:167.22,170.3 2 0
github.com/p0vidl0/mylslurper/internal/smtp/session.go:172.2,173.14 2 4
github.com/p0vidl0/mylslurper/internal/smtp/session.go:174.15,175.22 1 2
github.com/p0vidl0/mylslurper/internal/smtp/session.go:175.22,179.4 3 1
github.com/p0vidl0/mylslurper/internal/smtp/session.go:180.3,180.51 1 1
github.com/p0vidl0/mylslurper/internal/smtp/session.go:180.51,182.4 1 0
github.com/p0vidl0/mylslurper/internal/smtp/session.go:183.3,183.46 1 1
github.com/p0vidl0/mylslurper/internal/smtp/session.go:183.46,185.4 1 0
github.com/p0vidl0/mylslurper/internal/smtp/session.go:186.3,187.44 2 1
github.com/p0vidl0/mylslurper/internal/smtp/session.go:188.15,189.63 1 1
github.com/p0vidl0/mylslurper/internal/smtp/session.go:189.63,191.4 1 0
github.com/p0vidl0/mylslurper/internal/smtp/session.go:192.3,192.46 1 1
github.com/p0vidl0/mylslurper/internal/smtp/session.go:192.46,194.4 1 0
github.com/p0vidl0/mylslurper/internal/smtp/session.go:195.3,195.63 1 1
github.com/p0vidl0/mylslurper/internal/smtp/session.go:195.63,197.4 1 0
github.com/p0vidl0/mylslurper/internal/smtp/session.go:198.3,198.46 1 1
github.com/p0vidl0/mylslurper/internal/smtp/session.go:198.46,200.4 1 0
github.com/p0vidl0/mylslurper/internal/smtp/session.go:201.3,202.44 2 1
github.com/p0vidl0/mylslurper/internal/smtp/session.go:203.10,204.55 1 1
github.com/p0vidl0/mylslurper/internal/smtp/session.go:208.51,210.2 1 36
